Using cpu device
---------------------------------
| rollout/           |          |
|    ep_len_mean     | 21.9     |
|    ep_rew_mean     | 97.7     |
| time/              |          |
|    fps             | 704      |
|    iterations      | 1        |
|    time_elapsed    | 23       |
|    total_timesteps | 16384    |
---------------------------------
-----------------------------------------
| rollout/                |             |
|    ep_len_mean          | 22.9        |
|    ep_rew_mean          | 102         |
| time/                   |             |
|    fps                  | 931         |
|    iterations           | 2           |
|    time_elapsed         | 35          |
|    total_timesteps      | 32768       |
| train/                  |             |
|    approx_kl            | 0.007833275 |
|    clip_fraction        | 0.0937      |
|    clip_range           | 0.2         |
|    entropy_loss         | -24.1       |
|    explained_variance   | -0.00916    |
|    learning_rate        | 0.0003      |
|    loss                 | 732         |
|    n_updates            | 10          |
|    policy_gradient_loss | -0.0205     |
|    std                  | 0.999       |
|    value_loss           | 1.54e+03    |
-----------------------------------------
-----------------------------------------
| rollout/                |             |
|    ep_len_mean          | 23.9        |
|    ep_rew_mean          | 107         |
| time/                   |             |
|    fps                  | 1040        |
|    iterations           | 3           |
|    time_elapsed         | 47          |
|    total_timesteps      | 49152       |
| train/                  |             |
|    approx_kl            | 0.010882825 |
|    clip_fraction        | 0.0777      |
|    clip_range           | 0.2         |
|    entropy_loss         | -24.1       |
|    explained_variance   | 0.0257      |
|    learning_rate        | 0.0003      |
|    loss                 | 718         |
|    n_updates            | 20          |
|    policy_gradient_loss | -0.0134     |
|    std                  | 0.999       |
|    value_loss           | 1.52e+03    |
-----------------------------------------
-----------------------------------------
| rollout/                |             |
|    ep_len_mean          | 23          |
|    ep_rew_mean          | 104         |
| time/                   |             |
|    fps                  | 1084        |
|    iterations           | 4           |
|    time_elapsed         | 60          |
|    total_timesteps      | 65536       |
| train/                  |             |
|    approx_kl            | 0.009552995 |
|    clip_fraction        | 0.0515      |
|    clip_range           | 0.2         |
|    entropy_loss         | -24.1       |
|    explained_variance   | 0.0262      |
|    learning_rate        | 0.0003      |
|    loss                 | 679         |
|    n_updates            | 30          |
|    policy_gradient_loss | -0.0106     |
|    std                  | 0.999       |
|    value_loss           | 1.48e+03    |
-----------------------------------------
------------------------------------------
| rollout/                |              |
|    ep_len_mean          | 25.1         |
|    ep_rew_mean          | 114          |
| time/                   |              |
|    fps                  | 1137         |
|    iterations           | 5            |
|    time_elapsed         | 72           |
|    total_timesteps      | 81920        |
| train/                  |              |
|    approx_kl            | 0.0087726265 |
|    clip_fraction        | 0.0385       |
|    clip_range           | 0.2          |
|    entropy_loss         | -24.1        |
|    explained_variance   | 0.023        |
|    learning_rate        | 0.0003       |
|    loss                 | 637          |
|    n_updates            | 40           |
|    policy_gradient_loss | -0.00961     |
|    std                  | 0.999        |
|    value_loss           | 1.4e+03      |
------------------------------------------
-----------------------------------------
| rollout/                |             |
|    ep_len_mean          | 25.7        |
|    ep_rew_mean          | 115         |
| time/                   |             |
|    fps                  | 1180        |
|    iterations           | 6           |
|    time_elapsed         | 83          |
|    total_timesteps      | 98304       |
| train/                  |             |
|    approx_kl            | 0.009556174 |
|    clip_fraction        | 0.0465      |
|    clip_range           | 0.2         |
|    entropy_loss         | -24.1       |
|    explained_variance   | 0.0228      |
|    learning_rate        | 0.0003      |
|    loss                 | 620         |
|    n_updates            | 50          |
|    policy_gradient_loss | -0.00986    |
|    std                  | 0.998       |
|    value_loss           | 1.33e+03    |
-----------------------------------------
-----------------------------------------
| rollout/                |             |
|    ep_len_mean          | 28.8        |
|    ep_rew_mean          | 129         |
| time/                   |             |
|    fps                  | 1203        |
|    iterations           | 7           |
|    time_elapsed         | 95          |
|    total_timesteps      | 114688      |
| train/                  |             |
|    approx_kl            | 0.008789573 |
|    clip_fraction        | 0.0337      |
|    clip_range           | 0.2         |
|    entropy_loss         | -24.1       |
|    explained_variance   | 0.0232      |
|    learning_rate        | 0.0003      |
|    loss                 | 630         |
|    n_updates            | 60          |
|    policy_gradient_loss | -0.00921    |
|    std                  | 0.998       |
|    value_loss           | 1.37e+03    |
-----------------------------------------
-----------------------------------------
| rollout/                |             |
|    ep_len_mean          | 27.5        |
|    ep_rew_mean          | 124         |
| time/                   |             |
|    fps                  | 1002        |
|    iterations           | 8           |
|    time_elapsed         | 130         |
|    total_timesteps      | 131072      |
| train/                  |             |
|    approx_kl            | 0.007839844 |
|    clip_fraction        | 0.0278      |
|    clip_range           | 0.2         |
|    entropy_loss         | -24.1       |
|    explained_variance   | 0.0153      |
|    learning_rate        | 0.0003      |
|    loss                 | 683         |
|    n_updates            | 70          |
|    policy_gradient_loss | -0.00851    |
|    std                  | 0.997       |
|    value_loss           | 1.43e+03    |
-----------------------------------------
------------------------------------------
| rollout/                |              |
|    ep_len_mean          | 27.9         |
|    ep_rew_mean          | 126          |
| time/                   |              |
|    fps                  | 1030         |
|    iterations           | 9            |
|    time_elapsed         | 143          |
|    total_timesteps      | 147456       |
| train/                  |              |
|    approx_kl            | 0.0074843243 |
|    clip_fraction        | 0.0232       |
|    clip_range           | 0.2          |
|    entropy_loss         | -24.1        |
|    explained_variance   | 0.0201       |
|    learning_rate        | 0.0003       |
|    loss                 | 666          |
|    n_updates            | 80           |
|    policy_gradient_loss | -0.00873     |
|    std                  | 0.996        |
|    value_loss           | 1.37e+03     |
------------------------------------------
------------------------------------------
| rollout/                |              |
|    ep_len_mean          | 30.6         |
|    ep_rew_mean          | 139          |
| time/                   |              |
|    fps                  | 1059         |
|    iterations           | 10           |
|    time_elapsed         | 154          |
|    total_timesteps      | 163840       |
| train/                  |              |
|    approx_kl            | 0.0072138933 |
|    clip_fraction        | 0.0218       |
|    clip_range           | 0.2          |
|    entropy_loss         | -24.1        |
|    explained_variance   | 0.0201       |
|    learning_rate        | 0.0003       |
|    loss                 | 723          |
|    n_updates            | 90           |
|    policy_gradient_loss | -0.00828     |
|    std                  | 0.996        |
|    value_loss           | 1.49e+03     |
------------------------------------------
------------------------------------------
| rollout/                |              |
|    ep_len_mean          | 32.9         |
|    ep_rew_mean          | 150          |
| time/                   |              |
|    fps                  | 1082         |
|    iterations           | 11           |
|    time_elapsed         | 166          |
|    total_timesteps      | 180224       |
| train/                  |              |
|    approx_kl            | 0.0087596085 |
|    clip_fraction        | 0.0352       |
|    clip_range           | 0.2          |
|    entropy_loss         | -24          |
|    explained_variance   | 0.0153       |
|    learning_rate        | 0.0003       |
|    loss                 | 749          |
|    n_updates            | 100          |
|    policy_gradient_loss | -0.00938     |
|    std                  | 0.995        |
|    value_loss           | 1.55e+03     |
------------------------------------------
-----------------------------------------
| rollout/                |             |
|    ep_len_mean          | 33.5        |
|    ep_rew_mean          | 153         |
| time/                   |             |
|    fps                  | 1101        |
|    iterations           | 12          |
|    time_elapsed         | 178         |
|    total_timesteps      | 196608      |
| train/                  |             |
|    approx_kl            | 0.005851507 |
|    clip_fraction        | 0.0137      |
|    clip_range           | 0.2         |
|    entropy_loss         | -24         |
|    explained_variance   | 0.0139      |
|    learning_rate        | 0.0003      |
|    loss                 | 821         |
|    n_updates            | 110         |
|    policy_gradient_loss | -0.00801    |
|    std                  | 0.995       |
|    value_loss           | 1.69e+03    |
-----------------------------------------
------------------------------------------
| rollout/                |              |
|    ep_len_mean          | 37.2         |
|    ep_rew_mean          | 171          |
| time/                   |              |
|    fps                  | 1118         |
|    iterations           | 13           |
|    time_elapsed         | 190          |
|    total_timesteps      | 212992       |
| train/                  |              |
|    approx_kl            | 0.0088533135 |
|    clip_fraction        | 0.0361       |
|    clip_range           | 0.2          |
|    entropy_loss         | -24          |
|    explained_variance   | 0.013        |
|    learning_rate        | 0.0003       |
|    loss                 | 857          |
|    n_updates            | 120          |
|    policy_gradient_loss | -0.00946     |
|    std                  | 0.994        |
|    value_loss           | 1.77e+03     |
------------------------------------------
-----------------------------------------
| rollout/                |             |
|    ep_len_mean          | 39.6        |
|    ep_rew_mean          | 184         |
| time/                   |             |
|    fps                  | 1122        |
|    iterations           | 14          |
|    time_elapsed         | 204         |
|    total_timesteps      | 229376      |
| train/                  |             |
|    approx_kl            | 0.008361692 |
|    clip_fraction        | 0.0322      |
|    clip_range           | 0.2         |
|    entropy_loss         | -24         |
|    explained_variance   | 0.0128      |
|    learning_rate        | 0.0003      |
|    loss                 | 927         |
|    n_updates            | 130         |
|    policy_gradient_loss | -0.00977    |
|    std                  | 0.993       |
|    value_loss           | 1.9e+03     |
-----------------------------------------
-----------------------------------------
| rollout/                |             |
|    ep_len_mean          | 39.1        |
|    ep_rew_mean          | 181         |
| time/                   |             |
|    fps                  | 1131        |
|    iterations           | 15          |
|    time_elapsed         | 217         |
|    total_timesteps      | 245760      |
| train/                  |             |
|    approx_kl            | 0.008442182 |
|    clip_fraction        | 0.0303      |
|    clip_range           | 0.2         |
|    entropy_loss         | -24         |
|    explained_variance   | 0.0125      |
|    learning_rate        | 0.0003      |
|    loss                 | 961         |
|    n_updates            | 140         |
|    policy_gradient_loss | -0.00945    |
|    std                  | 0.993       |
|    value_loss           | 1.96e+03    |
-----------------------------------------
------------------------------------------
| rollout/                |              |
|    ep_len_mean          | 42.7         |
|    ep_rew_mean          | 199          |
| time/                   |              |
|    fps                  | 1140         |
|    iterations           | 16           |
|    time_elapsed         | 229          |
|    total_timesteps      | 262144       |
| train/                  |              |
|    approx_kl            | 0.0073780282 |
|    clip_fraction        | 0.0231       |
|    clip_range           | 0.2          |
|    entropy_loss         | -24          |
|    explained_variance   | 0.0101       |
|    learning_rate        | 0.0003       |
|    loss                 | 995          |
|    n_updates            | 150          |
|    policy_gradient_loss | -0.00907     |
|    std                  | 0.992        |
|    value_loss           | 2.02e+03     |
------------------------------------------
-----------------------------------------
| rollout/                |             |
|    ep_len_mean          | 43.8        |
|    ep_rew_mean          | 204         |
| time/                   |             |
|    fps                  | 1146        |
|    iterations           | 17          |
|    time_elapsed         | 242         |
|    total_timesteps      | 278528      |
| train/                  |             |
|    approx_kl            | 0.008336101 |
|    clip_fraction        | 0.032       |
|    clip_range           | 0.2         |
|    entropy_loss         | -24         |
|    explained_variance   | 0.0132      |
|    learning_rate        | 0.0003      |
|    loss                 | 1.01e+03    |
|    n_updates            | 160         |
|    policy_gradient_loss | -0.00957    |
|    std                  | 0.992       |
|    value_loss           | 2.06e+03    |
-----------------------------------------
-----------------------------------------
| rollout/                |             |
|    ep_len_mean          | 41          |
|    ep_rew_mean          | 191         |
| time/                   |             |
|    fps                  | 1152        |
|    iterations           | 18          |
|    time_elapsed         | 255         |
|    total_timesteps      | 294912      |
| train/                  |             |
|    approx_kl            | 0.008451974 |
|    clip_fraction        | 0.0318      |
|    clip_range           | 0.2         |
|    entropy_loss         | -24         |
|    explained_variance   | 0.00976     |
|    learning_rate        | 0.0003      |
|    loss                 | 973         |
|    n_updates            | 170         |
|    policy_gradient_loss | -0.0105     |
|    std                  | 0.991       |
|    value_loss           | 2.01e+03    |
-----------------------------------------
------------------------------------------
| rollout/                |              |
|    ep_len_mean          | 46.8         |
|    ep_rew_mean          | 216          |
| time/                   |              |
|    fps                  | 1162         |
|    iterations           | 19           |
|    time_elapsed         | 267          |
|    total_timesteps      | 311296       |
| train/                  |              |
|    approx_kl            | 0.0074489852 |
|    clip_fraction        | 0.0239       |
|    clip_range           | 0.2          |
|    entropy_loss         | -24          |
|    explained_variance   | 0.01         |
|    learning_rate        | 0.0003       |
|    loss                 | 1.07e+03     |
|    n_updates            | 180          |
|    policy_gradient_loss | -0.00951     |
|    std                  | 0.99         |
|    value_loss           | 2.16e+03     |
------------------------------------------
-----------------------------------------
| rollout/                |             |
|    ep_len_mean          | 47.6        |
|    ep_rew_mean          | 223         |
| time/                   |             |
|    fps                  | 1169        |
|    iterations           | 20          |
|    time_elapsed         | 280         |
|    total_timesteps      | 327680      |
| train/                  |             |
|    approx_kl            | 0.006685353 |
|    clip_fraction        | 0.0199      |
|    clip_range           | 0.2         |
|    entropy_loss         | -23.9       |
|    explained_variance   | 0.0121      |
|    learning_rate        | 0.0003      |
|    loss                 | 1.09e+03    |
|    n_updates            | 190         |
|    policy_gradient_loss | -0.00893    |
|    std                  | 0.989       |
|    value_loss           | 2.2e+03     |
-----------------------------------------
------------------------------------------
| rollout/                |              |
|    ep_len_mean          | 49.9         |
|    ep_rew_mean          | 234          |
| time/                   |              |
|    fps                  | 1178         |
|    iterations           | 21           |
|    time_elapsed         | 292          |
|    total_timesteps      | 344064       |
| train/                  |              |
|    approx_kl            | 0.0075034704 |
|    clip_fraction        | 0.0248       |
|    clip_range           | 0.2          |
|    entropy_loss         | -23.9        |
|    explained_variance   | 0.0106       |
|    learning_rate        | 0.0003       |
|    loss                 | 1.11e+03     |
|    n_updates            | 200          |
|    policy_gradient_loss | -0.00947     |
|    std                  | 0.988        |
|    value_loss           | 2.28e+03     |
------------------------------------------
------------------------------------------
| rollout/                |              |
|    ep_len_mean          | 50.7         |
|    ep_rew_mean          | 237          |
| time/                   |              |
|    fps                  | 1183         |
|    iterations           | 22           |
|    time_elapsed         | 304          |
|    total_timesteps      | 360448       |
| train/                  |              |
|    approx_kl            | 0.0074114986 |
|    clip_fraction        | 0.0256       |
|    clip_range           | 0.2          |
|    entropy_loss         | -23.9        |
|    explained_variance   | 0.00595      |
|    learning_rate        | 0.0003       |
|    loss                 | 1.13e+03     |
|    n_updates            | 210          |
|    policy_gradient_loss | -0.00935     |
|    std                  | 0.988        |
|    value_loss           | 2.33e+03     |
------------------------------------------
------------------------------------------
| rollout/                |              |
|    ep_len_mean          | 47.4         |
|    ep_rew_mean          | 224          |
| time/                   |              |
|    fps                  | 1188         |
|    iterations           | 23           |
|    time_elapsed         | 316          |
|    total_timesteps      | 376832       |
| train/                  |              |
|    approx_kl            | 0.0071458416 |
|    clip_fraction        | 0.0224       |
|    clip_range           | 0.2          |
|    entropy_loss         | -23.9        |
|    explained_variance   | 0.00519      |
|    learning_rate        | 0.0003       |
|    loss                 | 1.13e+03     |
|    n_updates            | 220          |
|    policy_gradient_loss | -0.00945     |
|    std                  | 0.987        |
|    value_loss           | 2.32e+03     |
------------------------------------------
-----------------------------------------
| rollout/                |             |
|    ep_len_mean          | 49          |
|    ep_rew_mean          | 232         |
| time/                   |             |
|    fps                  | 1194        |
|    iterations           | 24          |
|    time_elapsed         | 329         |
|    total_timesteps      | 393216      |
| train/                  |             |
|    approx_kl            | 0.008690558 |
|    clip_fraction        | 0.0388      |
|    clip_range           | 0.2         |
|    entropy_loss         | -23.9       |
|    explained_variance   | 0.0091      |
|    learning_rate        | 0.0003      |
|    loss                 | 1.1e+03     |
|    n_updates            | 230         |
|    policy_gradient_loss | -0.0109     |
|    std                  | 0.986       |
|    value_loss           | 2.27e+03    |
-----------------------------------------
----------------------------------------
| rollout/                |            |
|    ep_len_mean          | 50.6       |
|    ep_rew_mean          | 240        |
| time/                   |            |
|    fps                  | 1198       |
|    iterations           | 25         |
|    time_elapsed         | 341        |
|    total_timesteps      | 409600     |
| train/                  |            |
|    approx_kl            | 0.00919742 |
|    clip_fraction        | 0.0384     |
|    clip_range           | 0.2        |
|    entropy_loss         | -23.9      |
|    explained_variance   | 0.00968    |
|    learning_rate        | 0.0003     |
|    loss                 | 1.13e+03   |
|    n_updates            | 240        |
|    policy_gradient_loss | -0.0108    |
|    std                  | 0.986      |
|    value_loss           | 2.31e+03   |
----------------------------------------
------------------------------------------
| rollout/                |              |
|    ep_len_mean          | 56.2         |
|    ep_rew_mean          | 269          |
| time/                   |              |
|    fps                  | 1199         |
|    iterations           | 26           |
|    time_elapsed         | 355          |
|    total_timesteps      | 425984       |
| train/                  |              |
|    approx_kl            | 0.0073606996 |
|    clip_fraction        | 0.0284       |
|    clip_range           | 0.2          |
|    entropy_loss         | -23.9        |
|    explained_variance   | 0.00884      |
|    learning_rate        | 0.0003       |
|    loss                 | 1.12e+03     |
|    n_updates            | 250          |
|    policy_gradient_loss | -0.0101      |
|    std                  | 0.985        |
|    value_loss           | 2.3e+03      |
------------------------------------------
-----------------------------------------
| rollout/                |             |
|    ep_len_mean          | 56.7        |
|    ep_rew_mean          | 267         |
| time/                   |             |
|    fps                  | 1203        |
|    iterations           | 27          |
|    time_elapsed         | 367         |
|    total_timesteps      | 442368      |
| train/                  |             |
|    approx_kl            | 0.007348003 |
|    clip_fraction        | 0.0258      |
|    clip_range           | 0.2         |
|    entropy_loss         | -23.9       |
|    explained_variance   | 0.0075      |
|    learning_rate        | 0.0003      |
|    loss                 | 1.2e+03     |
|    n_updates            | 260         |
|    policy_gradient_loss | -0.00984    |
|    std                  | 0.984       |
|    value_loss           | 2.46e+03    |
-----------------------------------------
----------------------------------------
| rollout/                |            |
|    ep_len_mean          | 56.5       |
|    ep_rew_mean          | 271        |
| time/                   |            |
|    fps                  | 1206       |
|    iterations           | 28         |
|    time_elapsed         | 380        |
|    total_timesteps      | 458752     |
| train/                  |            |
|    approx_kl            | 0.00863292 |
|    clip_fraction        | 0.0343     |
|    clip_range           | 0.2        |
|    entropy_loss         | -23.9      |
|    explained_variance   | 0.00505    |
|    learning_rate        | 0.0003     |
|    loss                 | 1.18e+03   |
|    n_updates            | 270        |
|    policy_gradient_loss | -0.0108    |
|    std                  | 0.984      |
|    value_loss           | 2.41e+03   |
----------------------------------------
-----------------------------------------
| rollout/                |             |
|    ep_len_mean          | 56.1        |
|    ep_rew_mean          | 265         |
| time/                   |             |
|    fps                  | 1211        |
|    iterations           | 29          |
|    time_elapsed         | 392         |
|    total_timesteps      | 475136      |
| train/                  |             |
|    approx_kl            | 0.008512148 |
|    clip_fraction        | 0.0325      |
|    clip_range           | 0.2         |
|    entropy_loss         | -23.9       |
|    explained_variance   | 0.0112      |
|    learning_rate        | 0.0003      |
|    loss                 | 1.19e+03    |
|    n_updates            | 280         |
|    policy_gradient_loss | -0.0103     |
|    std                  | 0.984       |
|    value_loss           | 2.42e+03    |
-----------------------------------------
-----------------------------------------
| rollout/                |             |
|    ep_len_mean          | 58.8        |
|    ep_rew_mean          | 279         |
| time/                   |             |
|    fps                  | 1212        |
|    iterations           | 30          |
|    time_elapsed         | 405         |
|    total_timesteps      | 491520      |
| train/                  |             |
|    approx_kl            | 0.008146945 |
|    clip_fraction        | 0.034       |
|    clip_range           | 0.2         |
|    entropy_loss         | -23.8       |
|    explained_variance   | 0.00743     |
|    learning_rate        | 0.0003      |
|    loss                 | 1.19e+03    |
|    n_updates            | 290         |
|    policy_gradient_loss | -0.0105     |
|    std                  | 0.983       |
|    value_loss           | 2.41e+03    |
-----------------------------------------
-----------------------------------------
| rollout/                |             |
|    ep_len_mean          | 57.7        |
|    ep_rew_mean          | 277         |
| time/                   |             |
|    fps                  | 1212        |
|    iterations           | 31          |
|    time_elapsed         | 418         |
|    total_timesteps      | 507904      |
| train/                  |             |
|    approx_kl            | 0.008635943 |
|    clip_fraction        | 0.0383      |
|    clip_range           | 0.2         |
|    entropy_loss         | -23.8       |
|    explained_variance   | 0.00554     |
|    learning_rate        | 0.0003      |
|    loss                 | 1.16e+03    |
|    n_updates            | 300         |
|    policy_gradient_loss | -0.0113     |
|    std                  | 0.983       |
|    value_loss           | 2.36e+03    |
-----------------------------------------
-----------------------------------------
| rollout/                |             |
|    ep_len_mean          | 56.3        |
|    ep_rew_mean          | 269         |
| time/                   |             |
|    fps                  | 1213        |
|    iterations           | 32          |
|    time_elapsed         | 431         |
|    total_timesteps      | 524288      |
| train/                  |             |
|    approx_kl            | 0.008121613 |
|    clip_fraction        | 0.0353      |
|    clip_range           | 0.2         |
|    entropy_loss         | -23.8       |
|    explained_variance   | 0.00707     |
|    learning_rate        | 0.0003      |
|    loss                 | 1.16e+03    |
|    n_updates            | 310         |
|    policy_gradient_loss | -0.0109     |
|    std                  | 0.982       |
|    value_loss           | 2.39e+03    |
-----------------------------------------
-----------------------------------------
| rollout/                |             |
|    ep_len_mean          | 58.3        |
|    ep_rew_mean          | 276         |
| time/                   |             |
|    fps                  | 1217        |
|    iterations           | 33          |
|    time_elapsed         | 443         |
|    total_timesteps      | 540672      |
| train/                  |             |
|    approx_kl            | 0.007830169 |
|    clip_fraction        | 0.0367      |
|    clip_range           | 0.2         |
|    entropy_loss         | -23.8       |
|    explained_variance   | 0.00814     |
|    learning_rate        | 0.0003      |
|    loss                 | 1.17e+03    |
|    n_updates            | 320         |
|    policy_gradient_loss | -0.0117     |
|    std                  | 0.981       |
|    value_loss           | 2.4e+03     |
-----------------------------------------
----------------------------------------
| rollout/                |            |
|    ep_len_mean          | 59.4       |
|    ep_rew_mean          | 285        |
| time/                   |            |
|    fps                  | 1220       |
|    iterations           | 34         |
|    time_elapsed         | 456        |
|    total_timesteps      | 557056     |
| train/                  |            |
|    approx_kl            | 0.00764504 |
|    clip_fraction        | 0.0325     |
|    clip_range           | 0.2        |
|    entropy_loss         | -23.8      |
|    explained_variance   | 0.00704    |
|    learning_rate        | 0.0003     |
|    loss                 | 1.16e+03   |
|    n_updates            | 330        |
|    policy_gradient_loss | -0.0108    |
|    std                  | 0.981      |
|    value_loss           | 2.38e+03   |
----------------------------------------
-----------------------------------------
| rollout/                |             |
|    ep_len_mean          | 58          |
|    ep_rew_mean          | 275         |
| time/                   |             |
|    fps                  | 1223        |
|    iterations           | 35          |
|    time_elapsed         | 468         |
|    total_timesteps      | 573440      |
| train/                  |             |
|    approx_kl            | 0.007416618 |
|    clip_fraction        | 0.0312      |
|    clip_range           | 0.2         |
|    entropy_loss         | -23.8       |
|    explained_variance   | 0.00288     |
|    learning_rate        | 0.0003      |
|    loss                 | 1.16e+03    |
|    n_updates            | 340         |
|    policy_gradient_loss | -0.0115     |
|    std                  | 0.981       |
|    value_loss           | 2.37e+03    |
-----------------------------------------
----------------------------------------
| rollout/                |            |
|    ep_len_mean          | 61.8       |
|    ep_rew_mean          | 296        |
| time/                   |            |
|    fps                  | 1222       |
|    iterations           | 36         |
|    time_elapsed         | 482        |
|    total_timesteps      | 589824     |
| train/                  |            |
|    approx_kl            | 0.00926804 |
|    clip_fraction        | 0.045      |
|    clip_range           | 0.2        |
|    entropy_loss         | -23.8      |
|    explained_variance   | 0.00686    |
|    learning_rate        | 0.0003     |
|    loss                 | 1.17e+03   |
|    n_updates            | 350        |
|    policy_gradient_loss | -0.0124    |
|    std                  | 0.981      |
|    value_loss           | 2.39e+03   |
----------------------------------------
-----------------------------------------
| rollout/                |             |
|    ep_len_mean          | 63.6        |
|    ep_rew_mean          | 302         |
| time/                   |             |
|    fps                  | 1223        |
|    iterations           | 37          |
|    time_elapsed         | 495         |
|    total_timesteps      | 606208      |
| train/                  |             |
|    approx_kl            | 0.007857289 |
|    clip_fraction        | 0.0327      |
|    clip_range           | 0.2         |
|    entropy_loss         | -23.8       |
|    explained_variance   | 0.0062      |
|    learning_rate        | 0.0003      |
|    loss                 | 1.14e+03    |
|    n_updates            | 360         |
|    policy_gradient_loss | -0.0119     |
|    std                  | 0.981       |
|    value_loss           | 2.35e+03    |
-----------------------------------------
-----------------------------------------
| rollout/                |             |
|    ep_len_mean          | 59.9        |
|    ep_rew_mean          | 289         |
| time/                   |             |
|    fps                  | 1223        |
|    iterations           | 38          |
|    time_elapsed         | 508         |
|    total_timesteps      | 622592      |
| train/                  |             |
|    approx_kl            | 0.008601343 |
|    clip_fraction        | 0.0412      |
|    clip_range           | 0.2         |
|    entropy_loss         | -23.8       |
|    explained_variance   | 0.00576     |
|    learning_rate        | 0.0003      |
|    loss                 | 1.19e+03    |
|    n_updates            | 370         |
|    policy_gradient_loss | -0.0116     |
|    std                  | 0.981       |
|    value_loss           | 2.41e+03    |
-----------------------------------------
-----------------------------------------
| rollout/                |             |
|    ep_len_mean          | 63.2        |
|    ep_rew_mean          | 301         |
| time/                   |             |
|    fps                  | 1225        |
|    iterations           | 39          |
|    time_elapsed         | 521         |
|    total_timesteps      | 638976      |
| train/                  |             |
|    approx_kl            | 0.008875864 |
|    clip_fraction        | 0.0494      |
|    clip_range           | 0.2         |
|    entropy_loss         | -23.8       |
|    explained_variance   | 0.00577     |
|    learning_rate        | 0.0003      |
|    loss                 | 1.14e+03    |
|    n_updates            | 380         |
|    policy_gradient_loss | -0.0126     |
|    std                  | 0.981       |
|    value_loss           | 2.32e+03    |
-----------------------------------------
-----------------------------------------
| rollout/                |             |
|    ep_len_mean          | 65.2        |
|    ep_rew_mean          | 315         |
| time/                   |             |
|    fps                  | 1225        |
|    iterations           | 40          |
|    time_elapsed         | 534         |
|    total_timesteps      | 655360      |
| train/                  |             |
|    approx_kl            | 0.007825797 |
|    clip_fraction        | 0.0333      |
|    clip_range           | 0.2         |
|    entropy_loss         | -23.8       |
|    explained_variance   | 0.00795     |
|    learning_rate        | 0.0003      |
|    loss                 | 1.15e+03    |
|    n_updates            | 390         |
|    policy_gradient_loss | -0.0121     |
|    std                  | 0.98        |
|    value_loss           | 2.35e+03    |
-----------------------------------------
------------------------------------------
| rollout/                |              |
|    ep_len_mean          | 63.8         |
|    ep_rew_mean          | 304          |
| time/                   |              |
|    fps                  | 1226         |
|    iterations           | 41           |
|    time_elapsed         | 547          |
|    total_timesteps      | 671744       |
| train/                  |              |
|    approx_kl            | 0.0076422263 |
|    clip_fraction        | 0.038        |
|    clip_range           | 0.2          |
|    entropy_loss         | -23.8        |
|    explained_variance   | 0.00659      |
|    learning_rate        | 0.0003       |
|    loss                 | 1.16e+03     |
|    n_updates            | 400          |
|    policy_gradient_loss | -0.0122      |
|    std                  | 0.979        |
|    value_loss           | 2.39e+03     |
------------------------------------------
------------------------------------------
| rollout/                |              |
|    ep_len_mean          | 60.8         |
|    ep_rew_mean          | 291          |
| time/                   |              |
|    fps                  | 1228         |
|    iterations           | 42           |
|    time_elapsed         | 560          |
|    total_timesteps      | 688128       |
| train/                  |              |
|    approx_kl            | 0.0085371705 |
|    clip_fraction        | 0.0435       |
|    clip_range           | 0.2          |
|    entropy_loss         | -23.8        |
|    explained_variance   | 0.00763      |
|    learning_rate        | 0.0003       |
|    loss                 | 1.16e+03     |
|    n_updates            | 410          |
|    policy_gradient_loss | -0.0124      |
|    std                  | 0.979        |
|    value_loss           | 2.39e+03     |
------------------------------------------
-----------------------------------------
| rollout/                |             |
|    ep_len_mean          | 64.2        |
|    ep_rew_mean          | 310         |
| time/                   |             |
|    fps                  | 1229        |
|    iterations           | 43          |
|    time_elapsed         | 572         |
|    total_timesteps      | 704512      |
| train/                  |             |
|    approx_kl            | 0.009034175 |
|    clip_fraction        | 0.0536      |
|    clip_range           | 0.2         |
|    entropy_loss         | -23.8       |
|    explained_variance   | 0.00652     |
|    learning_rate        | 0.0003      |
|    loss                 | 1.15e+03    |
|    n_updates            | 420         |
|    policy_gradient_loss | -0.0132     |
|    std                  | 0.979       |
|    value_loss           | 2.35e+03    |
-----------------------------------------
-----------------------------------------
| rollout/                |             |
|    ep_len_mean          | 65.3        |
|    ep_rew_mean          | 315         |
| time/                   |             |
|    fps                  | 1230        |
|    iterations           | 44          |
|    time_elapsed         | 586         |
|    total_timesteps      | 720896      |
| train/                  |             |
|    approx_kl            | 0.008620381 |
|    clip_fraction        | 0.0501      |
|    clip_range           | 0.2         |
|    entropy_loss         | -23.8       |
|    explained_variance   | 0.0081      |
|    learning_rate        | 0.0003      |
|    loss                 | 1.17e+03    |
|    n_updates            | 430         |
|    policy_gradient_loss | -0.013      |
|    std                  | 0.979       |
|    value_loss           | 2.4e+03     |
-----------------------------------------
-----------------------------------------
| rollout/                |             |
|    ep_len_mean          | 61.1        |
|    ep_rew_mean          | 291         |
| time/                   |             |
|    fps                  | 1228        |
|    iterations           | 45          |
|    time_elapsed         | 599         |
|    total_timesteps      | 737280      |
| train/                  |             |
|    approx_kl            | 0.008694192 |
|    clip_fraction        | 0.0598      |
|    clip_range           | 0.2         |
|    entropy_loss         | -23.8       |
|    explained_variance   | 0.00789     |
|    learning_rate        | 0.0003      |
|    loss                 | 1.17e+03    |
|    n_updates            | 440         |
|    policy_gradient_loss | -0.0138     |
|    std                  | 0.979       |
|    value_loss           | 2.38e+03    |
-----------------------------------------
-----------------------------------------
| rollout/                |             |
|    ep_len_mean          | 64.8        |
|    ep_rew_mean          | 312         |
| time/                   |             |
|    fps                  | 1037        |
|    iterations           | 46          |
|    time_elapsed         | 726         |
|    total_timesteps      | 753664      |
| train/                  |             |
|    approx_kl            | 0.008929826 |
|    clip_fraction        | 0.0487      |
|    clip_range           | 0.2         |
|    entropy_loss         | -23.8       |
|    explained_variance   | 0.00832     |
|    learning_rate        | 0.0003      |
|    loss                 | 1.15e+03    |
|    n_updates            | 450         |
|    policy_gradient_loss | -0.0137     |
|    std                  | 0.979       |
|    value_loss           | 2.36e+03    |
-----------------------------------------
-----------------------------------------
| rollout/                |             |
|    ep_len_mean          | 66.6        |
|    ep_rew_mean          | 323         |
| time/                   |             |
|    fps                  | 799         |
|    iterations           | 47          |
|    time_elapsed         | 962         |
|    total_timesteps      | 770048      |
| train/                  |             |
|    approx_kl            | 0.008232426 |
|    clip_fraction        | 0.0525      |
|    clip_range           | 0.2         |
|    entropy_loss         | -23.7       |
|    explained_variance   | 0.00767     |
|    learning_rate        | 0.0003      |
|    loss                 | 1.17e+03    |
|    n_updates            | 460         |
|    policy_gradient_loss | -0.0136     |
|    std                  | 0.978       |
|    value_loss           | 2.41e+03    |
-----------------------------------------
-----------------------------------------
| rollout/                |             |
|    ep_len_mean          | 64.6        |
|    ep_rew_mean          | 311         |
| time/                   |             |
|    fps                  | 677         |
|    iterations           | 48          |
|    time_elapsed         | 1160        |
|    total_timesteps      | 786432      |
| train/                  |             |
|    approx_kl            | 0.009057356 |
|    clip_fraction        | 0.0624      |
|    clip_range           | 0.2         |
|    entropy_loss         | -23.7       |
|    explained_variance   | 0.0059      |
|    learning_rate        | 0.0003      |
|    loss                 | 1.2e+03     |
|    n_updates            | 470         |
|    policy_gradient_loss | -0.0141     |
|    std                  | 0.978       |
|    value_loss           | 2.44e+03    |
-----------------------------------------
----------------------------------------
| rollout/                |            |
|    ep_len_mean          | 66         |
|    ep_rew_mean          | 322        |
| time/                   |            |
|    fps                  | 584        |
|    iterations           | 49         |
|    time_elapsed         | 1372       |
|    total_timesteps      | 802816     |
| train/                  |            |
|    approx_kl            | 0.00906655 |
|    clip_fraction        | 0.0614     |
|    clip_range           | 0.2        |
|    entropy_loss         | -23.7      |
|    explained_variance   | 0.0117     |
|    learning_rate        | 0.0003     |
|    loss                 | 1.17e+03   |
|    n_updates            | 480        |
|    policy_gradient_loss | -0.0147    |
|    std                  | 0.978      |
|    value_loss           | 2.37e+03   |
----------------------------------------
-----------------------------------------
| rollout/                |             |
|    ep_len_mean          | 64.3        |
|    ep_rew_mean          | 311         |
| time/                   |             |
|    fps                  | 496         |
|    iterations           | 50          |
|    time_elapsed         | 1651        |
|    total_timesteps      | 819200      |
| train/                  |             |
|    approx_kl            | 0.008555716 |
|    clip_fraction        | 0.0556      |
|    clip_range           | 0.2         |
|    entropy_loss         | -23.7       |
|    explained_variance   | 0.00379     |
|    learning_rate        | 0.0003      |
|    loss                 | 1.18e+03    |
|    n_updates            | 490         |
|    policy_gradient_loss | -0.0144     |
|    std                  | 0.978       |
|    value_loss           | 2.4e+03     |
-----------------------------------------
-----------------------------------------
| rollout/                |             |
|    ep_len_mean          | 67.5        |
|    ep_rew_mean          | 326         |
| time/                   |             |
|    fps                  | 433         |
|    iterations           | 51          |
|    time_elapsed         | 1928        |
|    total_timesteps      | 835584      |
| train/                  |             |
|    approx_kl            | 0.008705093 |
|    clip_fraction        | 0.0516      |
|    clip_range           | 0.2         |
|    entropy_loss         | -23.7       |
|    explained_variance   | 0.0118      |
|    learning_rate        | 0.0003      |
|    loss                 | 1.17e+03    |
|    n_updates            | 500         |
|    policy_gradient_loss | -0.0147     |
|    std                  | 0.978       |
|    value_loss           | 2.39e+03    |
-----------------------------------------
------------------------------------------
| rollout/                |              |
|    ep_len_mean          | 68.9         |
|    ep_rew_mean          | 336          |
| time/                   |              |
|    fps                  | 391          |
|    iterations           | 52           |
|    time_elapsed         | 2175         |
|    total_timesteps      | 851968       |
| train/                  |              |
|    approx_kl            | 0.0082589565 |
|    clip_fraction        | 0.052        |
|    clip_range           | 0.2          |
|    entropy_loss         | -23.7        |
|    explained_variance   | 0.0139       |
|    learning_rate        | 0.0003       |
|    loss                 | 1.18e+03     |
|    n_updates            | 510          |
|    policy_gradient_loss | -0.0142      |
|    std                  | 0.979        |
|    value_loss           | 2.42e+03     |
------------------------------------------
-----------------------------------------
| rollout/                |             |
|    ep_len_mean          | 66.5        |
|    ep_rew_mean          | 321         |
| time/                   |             |
|    fps                  | 357         |
|    iterations           | 53          |
|    time_elapsed         | 2430        |
|    total_timesteps      | 868352      |
| train/                  |             |
|    approx_kl            | 0.009130437 |
|    clip_fraction        | 0.0499      |
|    clip_range           | 0.2         |
|    entropy_loss         | -23.7       |
|    explained_variance   | 0.0155      |
|    learning_rate        | 0.0003      |
|    loss                 | 1.2e+03     |
|    n_updates            | 520         |
|    policy_gradient_loss | -0.0147     |
|    std                  | 0.978       |
|    value_loss           | 2.42e+03    |
-----------------------------------------
-----------------------------------------
| rollout/                |             |
|    ep_len_mean          | 65.8        |
|    ep_rew_mean          | 319         |
| time/                   |             |
|    fps                  | 329         |
|    iterations           | 54          |
|    time_elapsed         | 2684        |
|    total_timesteps      | 884736      |
| train/                  |             |
|    approx_kl            | 0.008911781 |
|    clip_fraction        | 0.0584      |
|    clip_range           | 0.2         |
|    entropy_loss         | -23.7       |
|    explained_variance   | 0.0183      |
|    learning_rate        | 0.0003      |
|    loss                 | 1.17e+03    |
|    n_updates            | 530         |
|    policy_gradient_loss | -0.0153     |
|    std                  | 0.978       |
|    value_loss           | 2.37e+03    |
-----------------------------------------
-----------------------------------------
| rollout/                |             |
|    ep_len_mean          | 67.9        |
|    ep_rew_mean          | 332         |
| time/                   |             |
|    fps                  | 309         |
|    iterations           | 55          |
|    time_elapsed         | 2908        |
|    total_timesteps      | 901120      |
| train/                  |             |
|    approx_kl            | 0.009591543 |
|    clip_fraction        | 0.0586      |
|    clip_range           | 0.2         |
|    entropy_loss         | -23.7       |
|    explained_variance   | 0.024       |
|    learning_rate        | 0.0003      |
|    loss                 | 1.17e+03    |
|    n_updates            | 540         |
|    policy_gradient_loss | -0.0151     |
|    std                  | 0.978       |
|    value_loss           | 2.39e+03    |
-----------------------------------------
-----------------------------------------
| rollout/                |             |
|    ep_len_mean          | 64.8        |
|    ep_rew_mean          | 310         |
| time/                   |             |
|    fps                  | 296         |
|    iterations           | 56          |
|    time_elapsed         | 3093        |
|    total_timesteps      | 917504      |
| train/                  |             |
|    approx_kl            | 0.009109549 |
|    clip_fraction        | 0.0606      |
|    clip_range           | 0.2         |
|    entropy_loss         | -23.7       |
|    explained_variance   | 0.038       |
|    learning_rate        | 0.0003      |
|    loss                 | 1.16e+03    |
|    n_updates            | 550         |
|    policy_gradient_loss | -0.0157     |
|    std                  | 0.978       |
|    value_loss           | 2.36e+03    |
-----------------------------------------
-----------------------------------------
| rollout/                |             |
|    ep_len_mean          | 67.9        |
|    ep_rew_mean          | 326         |
| time/                   |             |
|    fps                  | 284         |
|    iterations           | 57          |
|    time_elapsed         | 3284        |
|    total_timesteps      | 933888      |
| train/                  |             |
|    approx_kl            | 0.009105307 |
|    clip_fraction        | 0.0618      |
|    clip_range           | 0.2         |
|    entropy_loss         | -23.7       |
|    explained_variance   | 0.066       |
|    learning_rate        | 0.0003      |
|    loss                 | 1.11e+03    |
|    n_updates            | 560         |
|    policy_gradient_loss | -0.0153     |
|    std                  | 0.979       |
|    value_loss           | 2.3e+03     |
-----------------------------------------
-----------------------------------------
| rollout/                |             |
|    ep_len_mean          | 67.3        |
|    ep_rew_mean          | 324         |
| time/                   |             |
|    fps                  | 266         |
|    iterations           | 58          |
|    time_elapsed         | 3566        |
|    total_timesteps      | 950272      |
| train/                  |             |
|    approx_kl            | 0.009333745 |
|    clip_fraction        | 0.0644      |
|    clip_range           | 0.2         |
|    entropy_loss         | -23.8       |
|    explained_variance   | 0.115       |
|    learning_rate        | 0.0003      |
|    loss                 | 1.1e+03     |
|    n_updates            | 570         |
|    policy_gradient_loss | -0.0156     |
|    std                  | 0.98        |
|    value_loss           | 2.24e+03    |
-----------------------------------------
-----------------------------------------
| rollout/                |             |
|    ep_len_mean          | 68.4        |
|    ep_rew_mean          | 332         |
| time/                   |             |
|    fps                  | 250         |
|    iterations           | 59          |
|    time_elapsed         | 3857        |
|    total_timesteps      | 966656      |
| train/                  |             |
|    approx_kl            | 0.008907888 |
|    clip_fraction        | 0.0619      |
|    clip_range           | 0.2         |
|    entropy_loss         | -23.8       |
|    explained_variance   | 0.166       |
|    learning_rate        | 0.0003      |
|    loss                 | 1.04e+03    |
|    n_updates            | 580         |
|    policy_gradient_loss | -0.0154     |
|    std                  | 0.98        |
|    value_loss           | 2.17e+03    |
-----------------------------------------
-----------------------------------------
| rollout/                |             |
|    ep_len_mean          | 69.5        |
|    ep_rew_mean          | 332         |
| time/                   |             |
|    fps                  | 238         |
|    iterations           | 60          |
|    time_elapsed         | 4128        |
|    total_timesteps      | 983040      |
| train/                  |             |
|    approx_kl            | 0.008796064 |
|    clip_fraction        | 0.0525      |
|    clip_range           | 0.2         |
|    entropy_loss         | -23.8       |
|    explained_variance   | 0.251       |
|    learning_rate        | 0.0003      |
|    loss                 | 964         |
|    n_updates            | 590         |
|    policy_gradient_loss | -0.0147     |
|    std                  | 0.98        |
|    value_loss           | 2.05e+03    |
-----------------------------------------
-----------------------------------------
| rollout/                |             |
|    ep_len_mean          | 66.5        |
|    ep_rew_mean          | 320         |
| time/                   |             |
|    fps                  | 226         |
|    iterations           | 61          |
|    time_elapsed         | 4419        |
|    total_timesteps      | 999424      |
| train/                  |             |
|    approx_kl            | 0.009415183 |
|    clip_fraction        | 0.0541      |
|    clip_range           | 0.2         |
|    entropy_loss         | -23.8       |
|    explained_variance   | 0.347       |
|    learning_rate        | 0.0003      |
|    loss                 | 888         |
|    n_updates            | 600         |
|    policy_gradient_loss | -0.0151     |
|    std                  | 0.98        |
|    value_loss           | 1.87e+03    |
-----------------------------------------
-----------------------------------------
| rollout/                |             |
|    ep_len_mean          | 69.8        |
|    ep_rew_mean          | 337         |
| time/                   |             |
|    fps                  | 217         |
|    iterations           | 62          |
|    time_elapsed         | 4667        |
|    total_timesteps      | 1015808     |
| train/                  |             |
|    approx_kl            | 0.008771763 |
|    clip_fraction        | 0.0628      |
|    clip_range           | 0.2         |
|    entropy_loss         | -23.8       |
|    explained_variance   | 0.415       |
|    learning_rate        | 0.0003      |
|    loss                 | 858         |
|    n_updates            | 610         |
|    policy_gradient_loss | -0.0156     |
|    std                  | 0.979       |
|    value_loss           | 1.8e+03     |
-----------------------------------------
-----------------------------------------
| rollout/                |             |
|    ep_len_mean          | 69.3        |
|    ep_rew_mean          | 333         |
| time/                   |             |
|    fps                  | 211         |
|    iterations           | 63          |
|    time_elapsed         | 4879        |
|    total_timesteps      | 1032192     |
| train/                  |             |
|    approx_kl            | 0.008116363 |
|    clip_fraction        | 0.0498      |
|    clip_range           | 0.2         |
|    entropy_loss         | -23.7       |
|    explained_variance   | 0.44        |
|    learning_rate        | 0.0003      |
|    loss                 | 869         |
|    n_updates            | 620         |
|    policy_gradient_loss | -0.0148     |
|    std                  | 0.979       |
|    value_loss           | 1.82e+03    |
-----------------------------------------
-----------------------------------------
| rollout/                |             |
|    ep_len_mean          | 66.6        |
|    ep_rew_mean          | 322         |
| time/                   |             |
|    fps                  | 205         |
|    iterations           | 64          |
|    time_elapsed         | 5098        |
|    total_timesteps      | 1048576     |
| train/                  |             |
|    approx_kl            | 0.009097585 |
|    clip_fraction        | 0.0541      |
|    clip_range           | 0.2         |
|    entropy_loss         | -23.7       |
|    explained_variance   | 0.459       |
|    learning_rate        | 0.0003      |
|    loss                 | 843         |
|    n_updates            | 630         |
|    policy_gradient_loss | -0.0157     |
|    std                  | 0.978       |
|    value_loss           | 1.76e+03    |
-----------------------------------------
----------------------------------------
| rollout/                |            |
|    ep_len_mean          | 69.3       |
|    ep_rew_mean          | 334        |
| time/                   |            |
|    fps                  | 200        |
|    iterations           | 65         |
|    time_elapsed         | 5317       |
|    total_timesteps      | 1064960    |
| train/                  |            |
|    approx_kl            | 0.00964118 |
|    clip_fraction        | 0.0576     |
|    clip_range           | 0.2        |
|    entropy_loss         | -23.7      |
|    explained_variance   | 0.487      |
|    learning_rate        | 0.0003     |
|    loss                 | 837        |
|    n_updates            | 640        |
|    policy_gradient_loss | -0.0159    |
|    std                  | 0.978      |
|    value_loss           | 1.74e+03   |
----------------------------------------
----------------------------------------
| rollout/                |            |
|    ep_len_mean          | 71.2       |
|    ep_rew_mean          | 338        |
| time/                   |            |
|    fps                  | 195        |
|    iterations           | 66         |
|    time_elapsed         | 5528       |
|    total_timesteps      | 1081344    |
| train/                  |            |
|    approx_kl            | 0.00933928 |
|    clip_fraction        | 0.0611     |
|    clip_range           | 0.2        |
|    entropy_loss         | -23.7      |
|    explained_variance   | 0.459      |
|    learning_rate        | 0.0003     |
|    loss                 | 856        |
|    n_updates            | 650        |
|    policy_gradient_loss | -0.0161    |
|    std                  | 0.977      |
|    value_loss           | 1.77e+03   |
----------------------------------------
-----------------------------------------
| rollout/                |             |
|    ep_len_mean          | 70.4        |
|    ep_rew_mean          | 340         |
| time/                   |             |
|    fps                  | 189         |
|    iterations           | 67          |
|    time_elapsed         | 5794        |
|    total_timesteps      | 1097728     |
| train/                  |             |
|    approx_kl            | 0.008656544 |
|    clip_fraction        | 0.0573      |
|    clip_range           | 0.2         |
|    entropy_loss         | -23.7       |
|    explained_variance   | 0.522       |
|    learning_rate        | 0.0003      |
|    loss                 | 812         |
|    n_updates            | 660         |
|    policy_gradient_loss | -0.015      |
|    std                  | 0.976       |
|    value_loss           | 1.69e+03    |
-----------------------------------------
-----------------------------------------
| rollout/                |             |
|    ep_len_mean          | 73.1        |
|    ep_rew_mean          | 354         |
| time/                   |             |
|    fps                  | 183         |
|    iterations           | 68          |
|    time_elapsed         | 6067        |
|    total_timesteps      | 1114112     |
| train/                  |             |
|    approx_kl            | 0.008516796 |
|    clip_fraction        | 0.0561      |
|    clip_range           | 0.2         |
|    entropy_loss         | -23.7       |
|    explained_variance   | 0.52        |
|    learning_rate        | 0.0003      |
|    loss                 | 805         |
|    n_updates            | 670         |
|    policy_gradient_loss | -0.0152     |
|    std                  | 0.976       |
|    value_loss           | 1.69e+03    |
-----------------------------------------
-----------------------------------------
| rollout/                |             |
|    ep_len_mean          | 71.2        |
|    ep_rew_mean          | 342         |
| time/                   |             |
|    fps                  | 178         |
|    iterations           | 69          |
|    time_elapsed         | 6341        |
|    total_timesteps      | 1130496     |
| train/                  |             |
|    approx_kl            | 0.008722637 |
|    clip_fraction        | 0.0567      |
|    clip_range           | 0.2         |
|    entropy_loss         | -23.7       |
|    explained_variance   | 0.523       |
|    learning_rate        | 0.0003      |
|    loss                 | 801         |
|    n_updates            | 680         |
|    policy_gradient_loss | -0.0155     |
|    std                  | 0.976       |
|    value_loss           | 1.66e+03    |
-----------------------------------------
-----------------------------------------
| rollout/                |             |
|    ep_len_mean          | 68.8        |
|    ep_rew_mean          | 335         |
| time/                   |             |
|    fps                  | 173         |
|    iterations           | 70          |
|    time_elapsed         | 6604        |
|    total_timesteps      | 1146880     |
| train/                  |             |
|    approx_kl            | 0.009315746 |
|    clip_fraction        | 0.0599      |
|    clip_range           | 0.2         |
|    entropy_loss         | -23.7       |
|    explained_variance   | 0.552       |
|    learning_rate        | 0.0003      |
|    loss                 | 777         |
|    n_updates            | 690         |
|    policy_gradient_loss | -0.0162     |
|    std                  | 0.975       |
|    value_loss           | 1.6e+03     |
-----------------------------------------
